<html>
<body>
<pre>
<h1>µVision Build Log</h1>
<h2>Project:</h2>
C:\Users\ry2333\Google Drive\EE319K\LabSolutions\Lab9_EE319K\Lab9.uvproj
Project File Date:  04/10/2017

<h2>Output:</h2>
Clean started: Project: 'Lab9'
   deleting intermediate output files for target 'Lab9'
  
Warning: *** SUPPORT EXPIRED, NEW PRODUCT SERIAL NUMBER REQUIRED ***
         *** Running with Code Size Limit: 32K                   ***
Rebuild target 'Lab9'
assembling startup.s...
assembling LCD.s...
assembling Print.s...
Print.s(34): error: A1163E: Unknown opcode LR , expecting opcode or Macro
Print.s(51): error: A1163E: Unknown opcode LR , expecting opcode or Macro
compiling ADC.c...
compiling ST7735.c...
compiling UART.c...
UART.c(48): warning:  #1-D: last line of file ends without a newline
compiling Lab9.c...
Lab9.c(59): warning:  #177-D: variable "n" was declared but never referenced
Lab9.c(60): warning:  #177-D: variable "ch" was declared but never referenced
compiling FiFo.c...
".\Lab9.axf" - 2 Errors, 3 Warning(s).
Target not created
  
Warning: *** SUPPORT EXPIRED, NEW PRODUCT SERIAL NUMBER REQUIRED ***
         *** Running with Code Size Limit: 32K                   ***
Rebuild target 'Lab9'
assembling startup.s...
assembling LCD.s...
assembling Print.s...
compiling ADC.c...
compiling ST7735.c...
compiling UART.c...
compiling Lab9.c...
Lab9.c(59): warning:  #177-D: variable "n" was declared but never referenced
Lab9.c(60): warning:  #177-D: variable "ch" was declared but never referenced
compiling FiFo.c...
linking...
Program Size: Code=3864 RO-data=2292 RW-data=92 ZI-data=1180  
".\Lab9.axf" - 0 Errors, 2 Warning(s).
  
Warning: *** SUPPORT EXPIRED, NEW PRODUCT SERIAL NUMBER REQUIRED ***
         *** Running with Code Size Limit: 32K                   ***
Rebuild target 'Lab9'
assembling startup.s...
assembling LCD.s...
assembling Print.s...
compiling ADC.c...
compiling ST7735.c...
compiling UART.c...
compiling Lab9.c...
compiling FiFo.c...
linking...
Program Size: Code=3864 RO-data=2292 RW-data=92 ZI-data=1180  
".\Lab9.axf" - 0 Errors, 0 Warning(s).
  
Warning: *** SUPPORT EXPIRED, NEW PRODUCT SERIAL NUMBER REQUIRED ***
         *** Running with Code Size Limit: 32K                   ***
Rebuild target 'Lab9'
assembling startup.s...
assembling LCD.s...
assembling Print.s...
compiling ADC.c...
compiling ST7735.c...
compiling UART.c...
compiling Lab9.c...
compiling FiFo.c...
linking...
Program Size: Code=3864 RO-data=2292 RW-data=92 ZI-data=1180  
".\Lab9.axf" - 0 Errors, 0 Warning(s).
Clean started: Project: 'Lab9'
   deleting intermediate output files for target 'Lab9'
