<html>
<body>
<pre>
<h1>µVision Build Log</h1>
<h2>Project:</h2>
C:\Users\ry2333\Google Drive\EE319K\LabSolutions\Lab7_EE319K\Lab7.uvproj
Project File Date:  03/20/2017

<h2>Output:</h2>
  
Warning: *** SUPPORT EXPIRED, NEW PRODUCT SERIAL NUMBER REQUIRED ***
         *** Running with Code Size Limit: 32K                   ***
Rebuild target 'Lab7'
assembling startup.s...
compiling PLL.c...
compiling ST7735.c...
assembling LCD.s...
assembling Print.s...
compiling IO.c...
compiling Lab7Main.c...
linking...
Program Size: Code=2964 RO-data=14984 RW-data=44 ZI-data=1028  
".\Lab7.axf" - 0 Errors, 0 Warning(s).
Clean started: Project: 'Lab7'
   deleting intermediate output files for target 'Lab7'
