<html>
<body>
<pre>
<h1>µVision Build Log</h1>
<h2>Project:</h2>
C:\Users\ry2333\Google Drive\EE319K\LabSolutions\Lab5-EE319K\Lab5.uvproj
Project File Date:  02/27/2017

<h2>Output:</h2>
  
Warning: *** SUPPORT EXPIRED, NEW PRODUCT SERIAL NUMBER REQUIRED ***
         *** Running with Code Size Limit: 32K                   ***
Rebuild target 'Lab5'
assembling startup.s...
compiling SysTick.c...
compiling TableTrafficLight.c...
linking...
Program Size: Code=3592 RO-data=14296 RW-data=68 ZI-data=1756  
".\Lab5.axf" - 0 Errors, 0 Warning(s).
Clean started: Project: 'Lab5'
   deleting intermediate output files for target 'Lab5'
  
Warning: *** SUPPORT EXPIRED, NEW PRODUCT SERIAL NUMBER REQUIRED ***
         *** Running with Code Size Limit: 32K                   ***
Rebuild target 'Lab5'
assembling startup.s...
compiling SysTick.c...
compiling TableTrafficLight.c...
linking...
Program Size: Code=3592 RO-data=14296 RW-data=68 ZI-data=1756  
".\Lab5.axf" - 0 Errors, 0 Warning(s).
Clean started: Project: 'Lab5'
   deleting intermediate output files for target 'Lab5'
